please enter a test URL.
See https://docs-meshplay.khulnasoft.com/reference/meshplayctl/perf/apply for usage details
